// Jest Snapshot v1, https://goo.gl/fbAQLP

exports[`test in SeatchPage should display correctly with default values 1`] = `
<div>
  <h1>
    Search
  </h1>
  <hr />
  <div
    class="row"
  >
    <div
      class="col-5"
    >
      <h4>
        Searching
      </h4>
      <hr />
      <form
        aria-label="form"
      >
        <input
          class="form-control"
          name="searchText"
          placeholder="Search a hero"
          type="text"
          value=""
        />
        <button
          class="btn btn-outline-primary mt-1"
        >
          Search
        </button>
      </form>
    </div>
    <div
      class="col-7"
    >
      <h4>
        Results
      </h4>
      <hr />
      <div
        aria-label="search-test"
        class="alert-primary alert animate__animated animate__fadeIn "
      >
         Search Hero
      </div>
    </div>
  </div>
</div>
`;
